// Jest Snapshot v1, https://goo.gl/fbAQLP

exports[`App matches snapshot 1`] = `
<div>
  <Counter />
  <hr />
  <h1>
    이름 목록
  </h1>
  <NameForm
    onInsert={[Function]}
    onSubmit={[Function]}
  />
  <NameList
    names={
      Array [
        "벨로퍼트",
        "김민준",
      ]
    }
  />
</div>
`;
